ERROR:src.text_summarizer:Error summarizing text: 'NoneType' object is not callable
ERROR:src.database_handler:Error updating MongoDB for pdf1.pdf: object UpdateResult can't be used in 'await' expression
INFO:src.pdf_processor:Processed C:\Users\acer\Desktop\Task_pdfs\pdf1.pdf in 1.67 seconds
ERROR:src.text_summarizer:Error summarizing text: 'NoneType' object is not callable
ERROR:src.database_handler:Error updating MongoDB for pdf10.pdf: object UpdateResult can't be used in 'await' expression
INFO:src.pdf_processor:Processed C:\Users\acer\Desktop\Task_pdfs\pdf10.pdf in 0.12 seconds
ERROR:src.text_summarizer:Error summarizing text: 'NoneType' object is not callable
ERROR:src.database_handler:Error updating MongoDB for pdf11.pdf: object UpdateResult can't be used in 'await' expression
INFO:src.pdf_processor:Processed C:\Users\acer\Desktop\Task_pdfs\pdf11.pdf in 0.27 seconds
ERROR:src.text_summarizer:Error summarizing text: 'NoneType' object is not callable
ERROR:src.database_handler:Error updating MongoDB for pdf12.pdf: object UpdateResult can't be used in 'await' expression
INFO:src.pdf_processor:Processed C:\Users\acer\Desktop\Task_pdfs\pdf12.pdf in 0.19 seconds
ERROR:src.text_summarizer:Error summarizing text: 'NoneType' object is not callable
ERROR:src.database_handler:Error updating MongoDB for pdf13.pdf: object UpdateResult can't be used in 'await' expression
INFO:src.pdf_processor:Processed C:\Users\acer\Desktop\Task_pdfs\pdf13.pdf in 0.12 seconds
ERROR:src.text_summarizer:Error summarizing text: 'NoneType' object is not callable
ERROR:src.database_handler:Error updating MongoDB for pdf14.pdf: object UpdateResult can't be used in 'await' expression
INFO:src.pdf_processor:Processed C:\Users\acer\Desktop\Task_pdfs\pdf14.pdf in 0.78 seconds
ERROR:src.text_summarizer:Error summarizing text: 'NoneType' object is not callable
ERROR:src.database_handler:Error updating MongoDB for pdf15.pdf: object UpdateResult can't be used in 'await' expression
INFO:src.pdf_processor:Processed C:\Users\acer\Desktop\Task_pdfs\pdf15.pdf in 0.28 seconds
ERROR:src.text_summarizer:Error summarizing text: 'NoneType' object is not callable
ERROR:src.database_handler:Error updating MongoDB for pdf16.pdf: object UpdateResult can't be used in 'await' expression
INFO:src.pdf_processor:Processed C:\Users\acer\Desktop\Task_pdfs\pdf16.pdf in 1.01 seconds
ERROR:src.text_summarizer:Error summarizing text: 'NoneType' object is not callable
ERROR:src.database_handler:Error updating MongoDB for pdf17.pdf: object UpdateResult can't be used in 'await' expression
INFO:src.pdf_processor:Processed C:\Users\acer\Desktop\Task_pdfs\pdf17.pdf in 0.02 seconds
ERROR:src.text_summarizer:Error summarizing text: 'NoneType' object is not callable
ERROR:src.database_handler:Error updating MongoDB for pdf18.pdf: object UpdateResult can't be used in 'await' expression
INFO:src.pdf_processor:Processed C:\Users\acer\Desktop\Task_pdfs\pdf18.pdf in 0.33 seconds
ERROR:src.text_summarizer:Error summarizing text: 'NoneType' object is not callable
ERROR:src.database_handler:Error updating MongoDB for pdf2.pdf: object UpdateResult can't be used in 'await' expression
INFO:src.pdf_processor:Processed C:\Users\acer\Desktop\Task_pdfs\pdf2.pdf in 0.37 seconds
ERROR:src.text_summarizer:Error summarizing text: 'NoneType' object is not callable
ERROR:src.database_handler:Error updating MongoDB for pdf3.pdf: object UpdateResult can't be used in 'await' expression
INFO:src.pdf_processor:Processed C:\Users\acer\Desktop\Task_pdfs\pdf3.pdf in 3.80 seconds
ERROR:src.text_summarizer:Error summarizing text: 'NoneType' object is not callable
ERROR:src.database_handler:Error updating MongoDB for pdf4.pdf: object UpdateResult can't be used in 'await' expression
INFO:src.pdf_processor:Processed C:\Users\acer\Desktop\Task_pdfs\pdf4.pdf in 0.16 seconds
ERROR:src.text_summarizer:Error summarizing text: 'NoneType' object is not callable
ERROR:src.database_handler:Error updating MongoDB for pdf5.pdf: object UpdateResult can't be used in 'await' expression
INFO:src.pdf_processor:Processed C:\Users\acer\Desktop\Task_pdfs\pdf5.pdf in 1.75 seconds
ERROR:src.text_summarizer:Error summarizing text: 'NoneType' object is not callable
ERROR:src.database_handler:Error updating MongoDB for pdf6.pdf: object UpdateResult can't be used in 'await' expression
INFO:src.pdf_processor:Processed C:\Users\acer\Desktop\Task_pdfs\pdf6.pdf in 0.19 seconds
ERROR:src.text_summarizer:Error summarizing text: 'NoneType' object is not callable
ERROR:src.database_handler:Error updating MongoDB for pdf7.pdf: object UpdateResult can't be used in 'await' expression
INFO:src.pdf_processor:Processed C:\Users\acer\Desktop\Task_pdfs\pdf7.pdf in 0.14 seconds
ERROR:src.text_summarizer:Error summarizing text: 'NoneType' object is not callable
ERROR:src.database_handler:Error updating MongoDB for pdf8.pdf: object UpdateResult can't be used in 'await' expression
INFO:src.pdf_processor:Processed C:\Users\acer\Desktop\Task_pdfs\pdf8.pdf in 0.17 seconds
ERROR:src.text_summarizer:Error summarizing text: 'NoneType' object is not callable
ERROR:src.database_handler:Error updating MongoDB for pdf9.pdf: object UpdateResult can't be used in 'await' expression
INFO:src.pdf_processor:Processed C:\Users\acer\Desktop\Task_pdfs\pdf9.pdf in 0.11 seconds
INFO:src.pdf_processor:Processed C:\Users\acer\Desktop\Task_pdfs\pdf1.pdf in 752.74 seconds
INFO:src.pdf_processor:Processed C:\Users\acer\Desktop\Task_pdfs\pdf10.pdf in 707.85 seconds
INFO:src.pdf_processor:Processed C:\Users\acer\Desktop\Task_pdfs\pdf11.pdf in 685.06 seconds
INFO:src.pdf_processor:Processed C:\Users\acer\Desktop\Task_pdfs\pdf12.pdf in 634.70 seconds
INFO:src.pdf_processor:Processed C:\Users\acer\Desktop\Task_pdfs\pdf13.pdf in 587.80 seconds
INFO:src.pdf_processor:Processed C:\Users\acer\Desktop\Task_pdfs\pdf14.pdf in 544.39 seconds
INFO:src.pdf_processor:Processed C:\Users\acer\Desktop\Task_pdfs\pdf15.pdf in 512.31 seconds
INFO:src.pdf_processor:Processed C:\Users\acer\Desktop\Task_pdfs\pdf16.pdf in 459.04 seconds
INFO:src.pdf_processor:Processed C:\Users\acer\Desktop\Task_pdfs\pdf17.pdf in 411.75 seconds
INFO:src.pdf_processor:Processed C:\Users\acer\Desktop\Task_pdfs\pdf18.pdf in 391.51 seconds
INFO:src.pdf_processor:Processed C:\Users\acer\Desktop\Task_pdfs\pdf2.pdf in 338.14 seconds
INFO:src.pdf_processor:Processed C:\Users\acer\Desktop\Task_pdfs\pdf3.pdf in 296.79 seconds
INFO:src.pdf_processor:Processed C:\Users\acer\Desktop\Task_pdfs\pdf4.pdf in 247.67 seconds
INFO:src.pdf_processor:Processed C:\Users\acer\Desktop\Task_pdfs\pdf5.pdf in 209.72 seconds
INFO:src.pdf_processor:Processed C:\Users\acer\Desktop\Task_pdfs\pdf6.pdf in 170.36 seconds
INFO:src.pdf_processor:Processed C:\Users\acer\Desktop\Task_pdfs\pdf7.pdf in 124.83 seconds
INFO:src.pdf_processor:Processed C:\Users\acer\Desktop\Task_pdfs\pdf8.pdf in 91.77 seconds
INFO:src.pdf_processor:Processed C:\Users\acer\Desktop\Task_pdfs\pdf9.pdf in 44.26 seconds
ERROR:src.database_handler:Error updating MongoDB for pdf1.pdf: object UpdateResult can't be used in 'await' expression
INFO:src.pdf_processor:Processed C:\Users\acer\Desktop\Task_pdfs\pdf1.pdf in 45.71 seconds
ERROR:src.database_handler:Error updating MongoDB for pdf10.pdf: object UpdateResult can't be used in 'await' expression
INFO:src.pdf_processor:Processed C:\Users\acer\Desktop\Task_pdfs\pdf10.pdf in 23.02 seconds
ERROR:src.database_handler:Error updating MongoDB for pdf11.pdf: object UpdateResult can't be used in 'await' expression
INFO:src.pdf_processor:Processed C:\Users\acer\Desktop\Task_pdfs\pdf11.pdf in 48.78 seconds
ERROR:src.database_handler:Error updating MongoDB for pdf12.pdf: object UpdateResult can't be used in 'await' expression
INFO:src.pdf_processor:Processed C:\Users\acer\Desktop\Task_pdfs\pdf12.pdf in 47.59 seconds
ERROR:src.database_handler:Error updating MongoDB for pdf13.pdf: object UpdateResult can't be used in 'await' expression
INFO:src.pdf_processor:Processed C:\Users\acer\Desktop\Task_pdfs\pdf13.pdf in 44.05 seconds
ERROR:src.database_handler:Error updating MongoDB for pdf1.pdf: object UpdateResult can't be used in 'await' expression
INFO:src.pdf_processor:Processed C:\Users\acer\Desktop\Task_pdfs\pdf1.pdf in 46.19 seconds
ERROR:src.database_handler:Error updating MongoDB for pdf10.pdf: object UpdateResult can't be used in 'await' expression
INFO:src.pdf_processor:Processed C:\Users\acer\Desktop\Task_pdfs\pdf10.pdf in 26.16 seconds
ERROR:src.database_handler:Error updating MongoDB for pdf11.pdf: object UpdateResult can't be used in 'await' expression
INFO:src.pdf_processor:Processed C:\Users\acer\Desktop\Task_pdfs\pdf11.pdf in 56.47 seconds
ERROR:src.database_handler:Error updating MongoDB for pdf12.pdf: object UpdateResult can't be used in 'await' expression
INFO:src.pdf_processor:Processed C:\Users\acer\Desktop\Task_pdfs\pdf12.pdf in 46.81 seconds
ERROR:src.database_handler:Error updating MongoDB for pdf13.pdf: object UpdateResult can't be used in 'await' expression
INFO:src.pdf_processor:Processed C:\Users\acer\Desktop\Task_pdfs\pdf13.pdf in 41.38 seconds
ERROR:src.database_handler:Error updating MongoDB for pdf14.pdf: object UpdateResult can't be used in 'await' expression
INFO:src.pdf_processor:Processed C:\Users\acer\Desktop\Task_pdfs\pdf14.pdf in 30.61 seconds
ERROR:src.database_handler:Error updating MongoDB for pdf15.pdf: object UpdateResult can't be used in 'await' expression
INFO:src.pdf_processor:Processed C:\Users\acer\Desktop\Task_pdfs\pdf15.pdf in 51.78 seconds
ERROR:src.database_handler:Error updating MongoDB for pdf16.pdf: object UpdateResult can't be used in 'await' expression
INFO:src.pdf_processor:Processed C:\Users\acer\Desktop\Task_pdfs\pdf16.pdf in 42.96 seconds
ERROR:src.database_handler:Error updating MongoDB for pdf17.pdf: object UpdateResult can't be used in 'await' expression
INFO:src.pdf_processor:Processed C:\Users\acer\Desktop\Task_pdfs\pdf17.pdf in 18.85 seconds
ERROR:src.database_handler:Error updating MongoDB for pdf18.pdf: object UpdateResult can't be used in 'await' expression
INFO:src.pdf_processor:Processed C:\Users\acer\Desktop\Task_pdfs\pdf18.pdf in 52.16 seconds
ERROR:src.database_handler:Error updating MongoDB for pdf2.pdf: object UpdateResult can't be used in 'await' expression
INFO:src.pdf_processor:Processed C:\Users\acer\Desktop\Task_pdfs\pdf2.pdf in 47.85 seconds
ERROR:src.database_handler:Error updating MongoDB for pdf3.pdf: object UpdateResult can't be used in 'await' expression
INFO:src.pdf_processor:Processed C:\Users\acer\Desktop\Task_pdfs\pdf3.pdf in 46.59 seconds
ERROR:src.database_handler:Error updating MongoDB for pdf4.pdf: object UpdateResult can't be used in 'await' expression
INFO:src.pdf_processor:Processed C:\Users\acer\Desktop\Task_pdfs\pdf4.pdf in 35.42 seconds
ERROR:src.database_handler:Error updating MongoDB for pdf5.pdf: object UpdateResult can't be used in 'await' expression
INFO:src.pdf_processor:Processed C:\Users\acer\Desktop\Task_pdfs\pdf5.pdf in 39.90 seconds
ERROR:src.database_handler:Error updating MongoDB for pdf6.pdf: object UpdateResult can't be used in 'await' expression
INFO:src.pdf_processor:Processed C:\Users\acer\Desktop\Task_pdfs\pdf6.pdf in 41.74 seconds
ERROR:src.database_handler:Error updating MongoDB for pdf7.pdf: object UpdateResult can't be used in 'await' expression
INFO:src.pdf_processor:Processed C:\Users\acer\Desktop\Task_pdfs\pdf7.pdf in 27.42 seconds
ERROR:src.database_handler:Error updating MongoDB for pdf8.pdf: object UpdateResult can't be used in 'await' expression
INFO:src.pdf_processor:Processed C:\Users\acer\Desktop\Task_pdfs\pdf8.pdf in 48.06 seconds
ERROR:src.database_handler:Error updating MongoDB for pdf9.pdf: object UpdateResult can't be used in 'await' expression
INFO:src.pdf_processor:Processed C:\Users\acer\Desktop\Task_pdfs\pdf9.pdf in 51.52 seconds
ERROR:src.database_handler:Error updating MongoDB for pdf1.pdf: object UpdateResult can't be used in 'await' expression
INFO:src.pdf_processor:Processed C:\Users\acer\Desktop\Task_pdfs\pdf1.pdf in 45.34 seconds
ERROR:src.database_handler:Error updating MongoDB for pdf2.pdf: object UpdateResult can't be used in 'await' expression
INFO:src.pdf_processor:Processed C:\Users\acer\Desktop\Task_pdfs\pdf2.pdf in 41.18 seconds
ERROR:src.database_handler:Error updating MongoDB for pdf1.pdf: object UpdateResult can't be used in 'await' expression
INFO:src.pdf_processor:Processed C:\Users\acer\Desktop\Task_pdfs\pdf1.pdf in 45.34 seconds
ERROR:src.database_handler:Error updating MongoDB for pdf13.pdf: object UpdateResult can't be used in 'await' expression
INFO:src.pdf_processor:Processed C:\Users\acer\Desktop\Task_pdfs\pdf13.pdf in 55.65 seconds
ERROR:src.database_handler:Error updating MongoDB for pdf14.pdf: object UpdateResult can't be used in 'await' expression
INFO:src.pdf_processor:Processed C:\Users\acer\Desktop\Task_pdfs\pdf14.pdf in 35.57 seconds
ERROR:src.database_handler:Error updating MongoDB for pdf15.pdf: object UpdateResult can't be used in 'await' expression
INFO:src.pdf_processor:Processed C:\Users\acer\Desktop\Task_pdfs\pdf15.pdf in 44.05 seconds
ERROR:src.database_handler:Error updating MongoDB for pdf16.pdf: object UpdateResult can't be used in 'await' expression
INFO:src.pdf_processor:Processed C:\Users\acer\Desktop\Task_pdfs\pdf16.pdf in 39.15 seconds
ERROR:src.database_handler:Error updating MongoDB for pdf17.pdf: object UpdateResult can't be used in 'await' expression
INFO:src.pdf_processor:Processed C:\Users\acer\Desktop\Task_pdfs\pdf17.pdf in 19.59 seconds
ERROR:src.database_handler:Error updating MongoDB for pdf18.pdf: object UpdateResult can't be used in 'await' expression
INFO:src.pdf_processor:Processed C:\Users\acer\Desktop\Task_pdfs\pdf18.pdf in 52.64 seconds
ERROR:src.database_handler:Error updating MongoDB for pdf2.pdf: object UpdateResult can't be used in 'await' expression
INFO:src.pdf_processor:Processed C:\Users\acer\Desktop\Task_pdfs\pdf2.pdf in 39.73 seconds
ERROR:src.database_handler:Error updating MongoDB for pdf1.pdf: object UpdateResult can't be used in 'await' expression
INFO:src.pdf_processor:Processed C:\Users\acer\Desktop\Task_pdfs\pdf1.pdf in 44.05 seconds
ERROR:src.database_handler:Error updating MongoDB for pdf13.pdf: object UpdateResult can't be used in 'await' expression
INFO:src.pdf_processor:Processed C:\Users\acer\Desktop\Task_pdfs\pdf13.pdf in 42.40 seconds
ERROR:src.database_handler:Error updating MongoDB for pdf14.pdf: object UpdateResult can't be used in 'await' expression
INFO:src.pdf_processor:Processed C:\Users\acer\Desktop\Task_pdfs\pdf14.pdf in 33.92 seconds
ERROR:src.database_handler:Error updating MongoDB for pdf2.pdf: object UpdateResult can't be used in 'await' expression
INFO:src.pdf_processor:Processed C:\Users\acer\Desktop\Task_pdfs\pdf2.pdf in 39.75 seconds
ERROR:src.database_handler:Error updating MongoDB for pdf1.pdf: object UpdateResult can't be used in 'await' expression
INFO:src.pdf_processor:Processed C:\Users\acer\Desktop\Task_pdfs\pdf1.pdf in 42.10 seconds
ERROR:src.database_handler:Error updating MongoDB for pdf13.pdf: object UpdateResult can't be used in 'await' expression
INFO:src.pdf_processor:Processed C:\Users\acer\Desktop\Task_pdfs\pdf13.pdf in 38.87 seconds
ERROR:src.database_handler:Error updating MongoDB for pdf14.pdf: object UpdateResult can't be used in 'await' expression
INFO:src.pdf_processor:Processed C:\Users\acer\Desktop\Task_pdfs\pdf14.pdf in 29.54 seconds
ERROR:src.database_handler:Error updating MongoDB for pdf2.pdf: object UpdateResult can't be used in 'await' expression
INFO:src.pdf_processor:Processed C:\Users\acer\Desktop\Task_pdfs\pdf2.pdf in 39.79 seconds
ERROR:src.database_handler:Error updating MongoDB for pdf1.pdf: object UpdateResult can't be used in 'await' expression
INFO:src.pdf_processor:Processed C:\Users\acer\Desktop\Task_pdfs\pdf1.pdf in 45.18 seconds
ERROR:src.database_handler:Error updating MongoDB for pdf13.pdf: object UpdateResult can't be used in 'await' expression
INFO:src.pdf_processor:Processed C:\Users\acer\Desktop\Task_pdfs\pdf13.pdf in 41.52 seconds
ERROR:src.database_handler:Error updating MongoDB for pdf14.pdf: object UpdateResult can't be used in 'await' expression
INFO:src.pdf_processor:Processed C:\Users\acer\Desktop\Task_pdfs\pdf14.pdf in 30.82 seconds
ERROR:src.database_handler:Error updating MongoDB for pdf2.pdf: object UpdateResult can't be used in 'await' expression
INFO:src.pdf_processor:Processed C:\Users\acer\Desktop\Task_pdfs\pdf2.pdf in 43.49 seconds
ERROR:src.database_handler:Error updating MongoDB for pdf1.pdf: object UpdateResult can't be used in 'await' expression
INFO:src.pdf_processor:Processed C:\Users\acer\Desktop\Task_pdfs\pdf1.pdf in 45.57 seconds
ERROR:src.database_handler:Error updating MongoDB for pdf10.pdf: object UpdateResult can't be used in 'await' expression
INFO:src.pdf_processor:Processed C:\Users\acer\Desktop\Task_pdfs\pdf10.pdf in 21.44 seconds
ERROR:src.database_handler:Error updating MongoDB for pdf11.pdf: object UpdateResult can't be used in 'await' expression
INFO:src.pdf_processor:Processed C:\Users\acer\Desktop\Task_pdfs\pdf11.pdf in 44.36 seconds
ERROR:src.database_handler:Error updating MongoDB for pdf12.pdf: object UpdateResult can't be used in 'await' expression
INFO:src.pdf_processor:Processed C:\Users\acer\Desktop\Task_pdfs\pdf12.pdf in 50.07 seconds
ERROR:src.database_handler:Error updating MongoDB for pdf13.pdf: object UpdateResult can't be used in 'await' expression
INFO:src.pdf_processor:Processed C:\Users\acer\Desktop\Task_pdfs\pdf13.pdf in 43.41 seconds
ERROR:src.database_handler:Error updating MongoDB for pdf14.pdf: object UpdateResult can't be used in 'await' expression
INFO:src.pdf_processor:Processed C:\Users\acer\Desktop\Task_pdfs\pdf14.pdf in 28.39 seconds
ERROR:src.database_handler:Error updating MongoDB for pdf15.pdf: object UpdateResult can't be used in 'await' expression
INFO:src.pdf_processor:Processed C:\Users\acer\Desktop\Task_pdfs\pdf15.pdf in 45.97 seconds
ERROR:src.database_handler:Error updating MongoDB for pdf16.pdf: object UpdateResult can't be used in 'await' expression
INFO:src.pdf_processor:Processed C:\Users\acer\Desktop\Task_pdfs\pdf16.pdf in 46.62 seconds
ERROR:src.database_handler:Error updating MongoDB for pdf17.pdf: object UpdateResult can't be used in 'await' expression
INFO:src.pdf_processor:Processed C:\Users\acer\Desktop\Task_pdfs\pdf17.pdf in 19.05 seconds
ERROR:src.database_handler:Error updating MongoDB for pdf18.pdf: object UpdateResult can't be used in 'await' expression
INFO:src.pdf_processor:Processed C:\Users\acer\Desktop\Task_pdfs\pdf18.pdf in 42.02 seconds
ERROR:src.database_handler:Error updating MongoDB for pdf2.pdf: object UpdateResult can't be used in 'await' expression
INFO:src.pdf_processor:Processed C:\Users\acer\Desktop\Task_pdfs\pdf2.pdf in 38.68 seconds
ERROR:src.database_handler:Error updating MongoDB for pdf3.pdf: object UpdateResult can't be used in 'await' expression
INFO:src.pdf_processor:Processed C:\Users\acer\Desktop\Task_pdfs\pdf3.pdf in 55.35 seconds
ERROR:src.database_handler:Error updating MongoDB for pdf4.pdf: object UpdateResult can't be used in 'await' expression
INFO:src.pdf_processor:Processed C:\Users\acer\Desktop\Task_pdfs\pdf4.pdf in 34.67 seconds
ERROR:src.database_handler:Error updating MongoDB for pdf5.pdf: object UpdateResult can't be used in 'await' expression
INFO:src.pdf_processor:Processed C:\Users\acer\Desktop\Task_pdfs\pdf5.pdf in 34.97 seconds
ERROR:src.database_handler:Error updating MongoDB for pdf6.pdf: object UpdateResult can't be used in 'await' expression
INFO:src.pdf_processor:Processed C:\Users\acer\Desktop\Task_pdfs\pdf6.pdf in 39.72 seconds
ERROR:src.database_handler:Error updating MongoDB for pdf7.pdf: object UpdateResult can't be used in 'await' expression
INFO:src.pdf_processor:Processed C:\Users\acer\Desktop\Task_pdfs\pdf7.pdf in 30.05 seconds
ERROR:src.database_handler:Error updating MongoDB for pdf8.pdf: object UpdateResult can't be used in 'await' expression
INFO:src.pdf_processor:Processed C:\Users\acer\Desktop\Task_pdfs\pdf8.pdf in 49.65 seconds
ERROR:src.database_handler:Error updating MongoDB for pdf9.pdf: object UpdateResult can't be used in 'await' expression
INFO:src.pdf_processor:Processed C:\Users\acer\Desktop\Task_pdfs\pdf9.pdf in 42.66 seconds
INFO:src.pdf_processor:Starting to process C:\Users\acer\Desktop\Task_pdfs\pdf1.pdf
INFO:src.pdf_processor:Text extraction for C:\Users\acer\Desktop\Task_pdfs\pdf1.pdf took 0.24 seconds
INFO:src.pdf_processor:Summarization for C:\Users\acer\Desktop\Task_pdfs\pdf1.pdf took 34.85 seconds
INFO:src.pdf_processor:Keyword extraction for C:\Users\acer\Desktop\Task_pdfs\pdf1.pdf took 1.51 seconds
ERROR:src.database_handler:Error updating MongoDB for pdf1.pdf: object UpdateResult can't be used in 'await' expression
INFO:src.pdf_processor:Database update for C:\Users\acer\Desktop\Task_pdfs\pdf1.pdf took 0.01 seconds
INFO:src.pdf_processor:Processed C:\Users\acer\Desktop\Task_pdfs\pdf1.pdf in 36.61 seconds
INFO:src.pdf_processor:Starting to process C:\Users\acer\Desktop\Task_pdfs\pdf10.pdf
INFO:src.pdf_processor:Text extraction for C:\Users\acer\Desktop\Task_pdfs\pdf10.pdf took 0.03 seconds
INFO:src.pdf_processor:Summarization for C:\Users\acer\Desktop\Task_pdfs\pdf10.pdf took 20.26 seconds
INFO:src.pdf_processor:Keyword extraction for C:\Users\acer\Desktop\Task_pdfs\pdf10.pdf took 0.15 seconds
ERROR:src.database_handler:Error updating MongoDB for pdf10.pdf: object UpdateResult can't be used in 'await' expression
INFO:src.pdf_processor:Database update for C:\Users\acer\Desktop\Task_pdfs\pdf10.pdf took 0.00 seconds
INFO:src.pdf_processor:Processed C:\Users\acer\Desktop\Task_pdfs\pdf10.pdf in 20.44 seconds
INFO:src.pdf_processor:Starting to process C:\Users\acer\Desktop\Task_pdfs\pdf11.pdf
INFO:src.pdf_processor:Text extraction for C:\Users\acer\Desktop\Task_pdfs\pdf11.pdf took 0.06 seconds
INFO:src.pdf_processor:Summarization for C:\Users\acer\Desktop\Task_pdfs\pdf11.pdf took 41.72 seconds
INFO:src.pdf_processor:Keyword extraction for C:\Users\acer\Desktop\Task_pdfs\pdf11.pdf took 0.23 seconds
ERROR:src.database_handler:Error updating MongoDB for pdf11.pdf: object UpdateResult can't be used in 'await' expression
INFO:src.pdf_processor:Database update for C:\Users\acer\Desktop\Task_pdfs\pdf11.pdf took 0.00 seconds
INFO:src.pdf_processor:Processed C:\Users\acer\Desktop\Task_pdfs\pdf11.pdf in 42.02 seconds
INFO:src.pdf_processor:Starting to process C:\Users\acer\Desktop\Task_pdfs\pdf12.pdf
INFO:src.pdf_processor:Text extraction for C:\Users\acer\Desktop\Task_pdfs\pdf12.pdf took 0.07 seconds
INFO:src.pdf_processor:Summarization for C:\Users\acer\Desktop\Task_pdfs\pdf12.pdf took 46.12 seconds
INFO:src.pdf_processor:Keyword extraction for C:\Users\acer\Desktop\Task_pdfs\pdf12.pdf took 0.32 seconds
ERROR:src.database_handler:Error updating MongoDB for pdf12.pdf: object UpdateResult can't be used in 'await' expression
INFO:src.pdf_processor:Database update for C:\Users\acer\Desktop\Task_pdfs\pdf12.pdf took 0.00 seconds
INFO:src.pdf_processor:Processed C:\Users\acer\Desktop\Task_pdfs\pdf12.pdf in 46.51 seconds
INFO:src.pdf_processor:Starting to process C:\Users\acer\Desktop\Task_pdfs\pdf13.pdf
INFO:src.pdf_processor:Text extraction for C:\Users\acer\Desktop\Task_pdfs\pdf13.pdf took 0.03 seconds
INFO:src.pdf_processor:Summarization for C:\Users\acer\Desktop\Task_pdfs\pdf13.pdf took 41.75 seconds
INFO:src.pdf_processor:Keyword extraction for C:\Users\acer\Desktop\Task_pdfs\pdf13.pdf took 0.14 seconds
ERROR:src.database_handler:Error updating MongoDB for pdf13.pdf: object UpdateResult can't be used in 'await' expression
INFO:src.pdf_processor:Database update for C:\Users\acer\Desktop\Task_pdfs\pdf13.pdf took 0.00 seconds
INFO:src.pdf_processor:Processed C:\Users\acer\Desktop\Task_pdfs\pdf13.pdf in 41.92 seconds
INFO:src.pdf_processor:Starting to process C:\Users\acer\Desktop\Task_pdfs\pdf14.pdf
INFO:src.pdf_processor:Text extraction for C:\Users\acer\Desktop\Task_pdfs\pdf14.pdf took 0.25 seconds
INFO:src.pdf_processor:Summarization for C:\Users\acer\Desktop\Task_pdfs\pdf14.pdf took 27.05 seconds
INFO:src.pdf_processor:Keyword extraction for C:\Users\acer\Desktop\Task_pdfs\pdf14.pdf took 0.59 seconds
ERROR:src.database_handler:Error updating MongoDB for pdf14.pdf: object UpdateResult can't be used in 'await' expression
INFO:src.pdf_processor:Database update for C:\Users\acer\Desktop\Task_pdfs\pdf14.pdf took 0.00 seconds
INFO:src.pdf_processor:Processed C:\Users\acer\Desktop\Task_pdfs\pdf14.pdf in 27.89 seconds
INFO:src.pdf_processor:Starting to process C:\Users\acer\Desktop\Task_pdfs\pdf15.pdf
INFO:src.pdf_processor:Text extraction for C:\Users\acer\Desktop\Task_pdfs\pdf15.pdf took 0.05 seconds
INFO:src.pdf_processor:Summarization for C:\Users\acer\Desktop\Task_pdfs\pdf15.pdf took 44.67 seconds
INFO:src.pdf_processor:Keyword extraction for C:\Users\acer\Desktop\Task_pdfs\pdf15.pdf took 0.24 seconds
ERROR:src.database_handler:Error updating MongoDB for pdf15.pdf: object UpdateResult can't be used in 'await' expression
INFO:src.pdf_processor:Database update for C:\Users\acer\Desktop\Task_pdfs\pdf15.pdf took 0.00 seconds
INFO:src.pdf_processor:Processed C:\Users\acer\Desktop\Task_pdfs\pdf15.pdf in 44.95 seconds
INFO:src.pdf_processor:Starting to process C:\Users\acer\Desktop\Task_pdfs\pdf16.pdf
INFO:src.pdf_processor:Text extraction for C:\Users\acer\Desktop\Task_pdfs\pdf16.pdf took 0.19 seconds
INFO:src.pdf_processor:Summarization for C:\Users\acer\Desktop\Task_pdfs\pdf16.pdf took 43.66 seconds
INFO:src.pdf_processor:Keyword extraction for C:\Users\acer\Desktop\Task_pdfs\pdf16.pdf took 0.94 seconds
ERROR:src.database_handler:Error updating MongoDB for pdf16.pdf: object UpdateResult can't be used in 'await' expression
INFO:src.pdf_processor:Database update for C:\Users\acer\Desktop\Task_pdfs\pdf16.pdf took 0.00 seconds
INFO:src.pdf_processor:Processed C:\Users\acer\Desktop\Task_pdfs\pdf16.pdf in 44.79 seconds
INFO:src.pdf_processor:Starting to process C:\Users\acer\Desktop\Task_pdfs\pdf17.pdf
INFO:src.pdf_processor:Text extraction for C:\Users\acer\Desktop\Task_pdfs\pdf17.pdf took 0.01 seconds
INFO:src.pdf_processor:Summarization for C:\Users\acer\Desktop\Task_pdfs\pdf17.pdf took 18.43 seconds
INFO:src.pdf_processor:Keyword extraction for C:\Users\acer\Desktop\Task_pdfs\pdf17.pdf took 0.03 seconds
ERROR:src.database_handler:Error updating MongoDB for pdf17.pdf: object UpdateResult can't be used in 'await' expression
INFO:src.pdf_processor:Database update for C:\Users\acer\Desktop\Task_pdfs\pdf17.pdf took 0.00 seconds
INFO:src.pdf_processor:Processed C:\Users\acer\Desktop\Task_pdfs\pdf17.pdf in 18.47 seconds
INFO:src.pdf_processor:Starting to process C:\Users\acer\Desktop\Task_pdfs\pdf18.pdf
INFO:src.pdf_processor:Text extraction for C:\Users\acer\Desktop\Task_pdfs\pdf18.pdf took 0.08 seconds
INFO:src.pdf_processor:Summarization for C:\Users\acer\Desktop\Task_pdfs\pdf18.pdf took 41.15 seconds
INFO:src.pdf_processor:Keyword extraction for C:\Users\acer\Desktop\Task_pdfs\pdf18.pdf took 0.48 seconds
ERROR:src.database_handler:Error updating MongoDB for pdf18.pdf: object UpdateResult can't be used in 'await' expression
INFO:src.pdf_processor:Database update for C:\Users\acer\Desktop\Task_pdfs\pdf18.pdf took 0.00 seconds
INFO:src.pdf_processor:Processed C:\Users\acer\Desktop\Task_pdfs\pdf18.pdf in 41.71 seconds
INFO:src.pdf_processor:Starting to process C:\Users\acer\Desktop\Task_pdfs\pdf2.pdf
INFO:src.pdf_processor:Text extraction for C:\Users\acer\Desktop\Task_pdfs\pdf2.pdf took 0.06 seconds
INFO:src.pdf_processor:Summarization for C:\Users\acer\Desktop\Task_pdfs\pdf2.pdf took 39.53 seconds
INFO:src.pdf_processor:Keyword extraction for C:\Users\acer\Desktop\Task_pdfs\pdf2.pdf took 0.47 seconds
ERROR:src.database_handler:Error updating MongoDB for pdf2.pdf: object UpdateResult can't be used in 'await' expression
INFO:src.pdf_processor:Database update for C:\Users\acer\Desktop\Task_pdfs\pdf2.pdf took 0.00 seconds
INFO:src.pdf_processor:Processed C:\Users\acer\Desktop\Task_pdfs\pdf2.pdf in 40.06 seconds
INFO:src.pdf_processor:Starting to process C:\Users\acer\Desktop\Task_pdfs\pdf3.pdf
INFO:src.pdf_processor:Text extraction for C:\Users\acer\Desktop\Task_pdfs\pdf3.pdf took 0.58 seconds
INFO:src.pdf_processor:Summarization for C:\Users\acer\Desktop\Task_pdfs\pdf3.pdf took 49.79 seconds
INFO:src.pdf_processor:Keyword extraction for C:\Users\acer\Desktop\Task_pdfs\pdf3.pdf took 3.14 seconds
ERROR:src.database_handler:Error updating MongoDB for pdf3.pdf: object UpdateResult can't be used in 'await' expression
INFO:src.pdf_processor:Database update for C:\Users\acer\Desktop\Task_pdfs\pdf3.pdf took 0.00 seconds
INFO:src.pdf_processor:Processed C:\Users\acer\Desktop\Task_pdfs\pdf3.pdf in 53.52 seconds
INFO:src.pdf_processor:Starting to process C:\Users\acer\Desktop\Task_pdfs\pdf4.pdf
INFO:src.pdf_processor:Text extraction for C:\Users\acer\Desktop\Task_pdfs\pdf4.pdf took 0.04 seconds
INFO:src.pdf_processor:Summarization for C:\Users\acer\Desktop\Task_pdfs\pdf4.pdf took 31.40 seconds
INFO:src.pdf_processor:Keyword extraction for C:\Users\acer\Desktop\Task_pdfs\pdf4.pdf took 0.19 seconds
ERROR:src.database_handler:Error updating MongoDB for pdf4.pdf: object UpdateResult can't be used in 'await' expression
INFO:src.pdf_processor:Database update for C:\Users\acer\Desktop\Task_pdfs\pdf4.pdf took 0.00 seconds
INFO:src.pdf_processor:Processed C:\Users\acer\Desktop\Task_pdfs\pdf4.pdf in 31.63 seconds
INFO:src.pdf_processor:Starting to process C:\Users\acer\Desktop\Task_pdfs\pdf5.pdf
INFO:src.pdf_processor:Text extraction for C:\Users\acer\Desktop\Task_pdfs\pdf5.pdf took 0.41 seconds
INFO:src.pdf_processor:Summarization for C:\Users\acer\Desktop\Task_pdfs\pdf5.pdf took 31.49 seconds
INFO:src.pdf_processor:Keyword extraction for C:\Users\acer\Desktop\Task_pdfs\pdf5.pdf took 1.12 seconds
ERROR:src.database_handler:Error updating MongoDB for pdf5.pdf: object UpdateResult can't be used in 'await' expression
INFO:src.pdf_processor:Database update for C:\Users\acer\Desktop\Task_pdfs\pdf5.pdf took 0.00 seconds
INFO:src.pdf_processor:Processed C:\Users\acer\Desktop\Task_pdfs\pdf5.pdf in 33.02 seconds
INFO:src.pdf_processor:Starting to process C:\Users\acer\Desktop\Task_pdfs\pdf6.pdf
INFO:src.pdf_processor:Text extraction for C:\Users\acer\Desktop\Task_pdfs\pdf6.pdf took 0.05 seconds
INFO:src.pdf_processor:Summarization for C:\Users\acer\Desktop\Task_pdfs\pdf6.pdf took 39.96 seconds
INFO:src.pdf_processor:Keyword extraction for C:\Users\acer\Desktop\Task_pdfs\pdf6.pdf took 0.36 seconds
ERROR:src.database_handler:Error updating MongoDB for pdf6.pdf: object UpdateResult can't be used in 'await' expression
INFO:src.pdf_processor:Database update for C:\Users\acer\Desktop\Task_pdfs\pdf6.pdf took 0.00 seconds
INFO:src.pdf_processor:Processed C:\Users\acer\Desktop\Task_pdfs\pdf6.pdf in 40.37 seconds
INFO:src.pdf_processor:Starting to process C:\Users\acer\Desktop\Task_pdfs\pdf7.pdf
INFO:src.pdf_processor:Text extraction for C:\Users\acer\Desktop\Task_pdfs\pdf7.pdf took 0.04 seconds
INFO:src.pdf_processor:Summarization for C:\Users\acer\Desktop\Task_pdfs\pdf7.pdf took 30.04 seconds
INFO:src.pdf_processor:Keyword extraction for C:\Users\acer\Desktop\Task_pdfs\pdf7.pdf took 0.21 seconds
ERROR:src.database_handler:Error updating MongoDB for pdf7.pdf: object UpdateResult can't be used in 'await' expression
INFO:src.pdf_processor:Database update for C:\Users\acer\Desktop\Task_pdfs\pdf7.pdf took 0.00 seconds
INFO:src.pdf_processor:Processed C:\Users\acer\Desktop\Task_pdfs\pdf7.pdf in 30.30 seconds
INFO:src.pdf_processor:Starting to process C:\Users\acer\Desktop\Task_pdfs\pdf8.pdf
INFO:src.pdf_processor:Text extraction for C:\Users\acer\Desktop\Task_pdfs\pdf8.pdf took 0.07 seconds
INFO:src.pdf_processor:Summarization for C:\Users\acer\Desktop\Task_pdfs\pdf8.pdf took 49.07 seconds
INFO:src.pdf_processor:Keyword extraction for C:\Users\acer\Desktop\Task_pdfs\pdf8.pdf took 0.22 seconds
ERROR:src.database_handler:Error updating MongoDB for pdf8.pdf: object UpdateResult can't be used in 'await' expression
INFO:src.pdf_processor:Database update for C:\Users\acer\Desktop\Task_pdfs\pdf8.pdf took 0.00 seconds
INFO:src.pdf_processor:Processed C:\Users\acer\Desktop\Task_pdfs\pdf8.pdf in 49.37 seconds
INFO:src.pdf_processor:Starting to process C:\Users\acer\Desktop\Task_pdfs\pdf9.pdf
INFO:src.pdf_processor:Text extraction for C:\Users\acer\Desktop\Task_pdfs\pdf9.pdf took 0.04 seconds
INFO:src.pdf_processor:Summarization for C:\Users\acer\Desktop\Task_pdfs\pdf9.pdf took 42.72 seconds
INFO:src.pdf_processor:Keyword extraction for C:\Users\acer\Desktop\Task_pdfs\pdf9.pdf took 0.15 seconds
ERROR:src.database_handler:Error updating MongoDB for pdf9.pdf: object UpdateResult can't be used in 'await' expression
INFO:src.pdf_processor:Database update for C:\Users\acer\Desktop\Task_pdfs\pdf9.pdf took 0.00 seconds
INFO:src.pdf_processor:Processed C:\Users\acer\Desktop\Task_pdfs\pdf9.pdf in 42.91 seconds
